RUN level=stereo_madness id=1 mode=normal variant=default reverse=True hold=True obs=state max_minutes=90.0 started=2026-10-07T09:14:51
ep.     50         4s  eps=0.300  agent progress =   8.9%  (best   8.9%)  known states=4740  (+8.90% in 4s)
ep.    100        13s  eps=0.300  agent progress =  12.3%  (best  12.3%)  known states=5894  (+3.44% in 8s)
ep.    200        35s  eps=0.299  agent progress =  12.4%  (best  12.4%)  known states=6339  (+0.08% in 22s)
ep.    250        48s  eps=0.299  agent progress =  14.8%  (best  14.8%)  known states=7360  (+2.40% in 12s)
ep.    300      1m03s  eps=0.299  agent progress =  18.2%  (best  18.2%)  known states=8269  (+3.42% in 15s)
ep.    350      1m21s  eps=0.299  agent progress =  20.2%  (best  20.2%)  known states=8573  (+1.96% in 17s)
ep.    400      1m40s  eps=0.299  agent progress =  23.4%  (best  23.4%)  known states=9870  (+3.20% in 19s)
ep.    450      2m02s  eps=0.299  agent progress =  24.9%  (best  24.9%)  known states=10634  (+1.53% in 21s)
ep.    500      2m26s  eps=0.298  agent progress =  28.1%  (best  28.1%)  known states=11589  (+3.21% in 24s)
ep.    550      2m51s  eps=0.298  agent progress =  28.8%  (best  28.8%)  known states=11827  (+0.64% in 24s)
ep.    600      3m17s  eps=0.298  agent progress =  35.2%  (best  35.2%)  known states=12264  (+6.46% in 25s)
ep.    650      3m48s  eps=0.298  agent progress =  35.8%  (best  35.8%)  known states=13498  (+0.60% in 31s)
ep.    700      4m21s  eps=0.298  agent progress =  36.6%  (best  36.6%)  known states=14993  (+0.77% in 32s)
ep.    750      4m56s  eps=0.298  agent progress =  41.4%  (best  41.4%)  known states=19024  (+4.80% in 35s)
ep.    800      5m36s  eps=0.298  agent progress =  49.4%  (best  49.4%)  known states=23886  (+7.97% in 39s)
ep.    850      6m21s  eps=0.297  agent progress =  56.0%  (best  56.0%)  known states=25517  (+6.66% in 45s)
ep.    900      7m13s  eps=0.297  agent progress =  62.2%  (best  62.2%)  known states=27799  (+6.14% in 51s)
ep.    950      8m06s  eps=0.297  agent progress =  64.1%  (best  64.1%)  known states=28710  (+1.91% in 52s)
ep.   1000      9m01s  eps=0.297  agent progress =  66.9%  (best  66.9%)  known states=29633  (+2.76% in 55s)
ep.   1050      9m55s  eps=0.297  agent progress =  70.6%  (best  70.6%)  known states=31506  (+3.76% in 53s)
ep.   1100     10m48s  eps=0.297  agent progress =  73.4%  (best  73.4%)  known states=32476  (+2.80% in 53s)
ep.   1150     11m45s  eps=0.297  agent progress =  76.4%  (best  76.4%)  known states=33185  (+3.03% in 56s)
ep.   1200     12m44s  eps=0.296  agent progress =  78.5%  (best  78.5%)  known states=34747  (+2.01% in 59s)
ep.   1250     13m54s  eps=0.296  agent progress =  78.6%  (best  78.6%)  known states=34955  (+0.10% in 1m10s)
ep.   1300     15m06s  eps=0.296  agent progress =  81.3%  (best  81.3%)  known states=35662  (+2.71% in 1m12s)
ep.   1350     16m26s  eps=0.296  agent progress =  89.0%  (best  89.0%)  known states=37841  (+7.78% in 1m19s)
ep.   1400     17m49s  eps=0.296  agent progress =  93.3%  (best  93.3%)  known states=39992  (+4.30% in 1m23s)
ep.   1450     19m14s  eps=0.296  agent progress =  94.5%  (best  94.5%)  known states=40896  (+1.21% in 1m24s)
ep.   1500     20m39s  eps=0.295  agent progress =  95.7%  (best  95.7%)  known states=41766  (+1.17% in 1m24s)
ep.   1550     22m05s  eps=0.295  agent progress =  96.1%  (best  96.1%)  known states=42677  (+0.42% in 1m26s)
ep.   1600     23m30s  eps=0.295  agent progress =  96.5%  (best  96.5%)  known states=43641  (+0.37% in 1m25s)
ep.   1650     24m58s  eps=0.295  agent progress =  97.3%  (best  97.3%)  known states=44965  (+0.81% in 1m27s)
ep.   1700     26m26s  eps=0.295  agent progress = 100.0%  (best 100.0%)  known states=47359  (+2.69% in 1m28s)

>>> LEVEL BEATEN after 1700 episodes, 4725763 steps simulated, 1586.6s
